[dotenv@17.3.1] injecting env (9) from .env -- tip: ΓÜí∩╕Å secrets for agents: https://dotenvx.com/as2
[dotenv@17.3.1] injecting env (0) from .env -- tip: ≡ƒ¢í∩╕Å auth for agents: https://vestauth.com
[dotenv@17.3.1] injecting env (0) from .env -- tip: ΓÜÖ∩╕Å  override existing env vars with { override: true }
Testing Supabase Memory Integration...

--- 1. Saving Messages ---
Saving message 1...
node.exe : Error generating embedding with 
Gemini: ApiError: {"error":{"code":404,"message
":"models/text-embedding-004 is not found for 
API version v1beta, or is not supported for 
embedContent. Call ListModels to see the list 
of available models and their supported 
methods.","status":"NOT_FOUND"}}
At line:1 char:1
+ & "C:\Program Files\nodejs/node.exe" 
"C:\Program Files\nodejs/node_mo ...
+ ~~~~~~~~~~~~~~~~~~~~~~~~~~~~~~~~~~~~~~~~~~~~~
~~~~~~~~~~~~~~~~~~~~~~~~
    + CategoryInfo          : NotSpecified: (E 
   rror generatin...":"NOT_FOUND"}}:String) [  
  ], RemoteException
    + FullyQualifiedErrorId : NativeCommandErr 
   or
 
    at throwErrorIfNotOK (C:\Users\glenn\Gravit
yClaw\node_modules\@google\genai\src\_api_clien
t.ts:929:24)
    at process.processTicksAndRejections 
(node:internal/process/task_queues:103:5)
    at async <anonymous> (C:\Users\glenn\Gravit
yClaw\node_modules\@google\genai\src\_api_clien
t.ts:537:9)
    at async Models.Models.embedContent (C:\Use
rs\glenn\GravityClaw\node_modules\@google\genai
\src\models.ts:50:14)
    at async generateEmbedding (C:\Users\glenn\
GravityClaw\src\memory\embeddings.ts:20:26)
    at async saveMessage (C:\Users\glenn\Gravit
yClaw\src\memory\supabaseMemory.ts:25:25)
    at async run (C:\Users\glenn\GravityClaw\te
st-supabase.ts:11:9) {
  status: 404
}
[Memory] Warning: Failed to generate 
embedding. Saving without vector. ApiError: {"e
rror":{"code":404,"message":"models/text-embedd
ing-004 is not found for API version v1beta, 
or is not supported for embedContent. Call 
ListModels to see the list of available models 
and their supported 
methods.","status":"NOT_FOUND"}}
    at throwErrorIfNotOK (C:\Users\glenn\Gravit
yClaw\node_modules\@google\genai\src\_api_clien
t.ts:929:24)
    at process.processTicksAndRejections 
(node:internal/process/task_queues:103:5)
    at async <anonymous> (C:\Users\glenn\Gravit
yClaw\node_modules\@google\genai\src\_api_clien
t.ts:537:9)
    at async Models.Models.embedContent (C:\Use
rs\glenn\GravityClaw\node_modules\@google\genai
\src\models.ts:50:14)
    at async generateEmbedding (C:\Users\glenn\
GravityClaw\src\memory\embeddings.ts:20:26)
    at async saveMessage (C:\Users\glenn\Gravit
yClaw\src\memory\supabaseMemory.ts:25:25)
    at async run (C:\Users\glenn\GravityClaw\te
st-supabase.ts:11:9) {
  status: 404
}
Saving message 2...
Error generating embedding with Gemini: 
ApiError: {"error":{"code":404,"message":"model
s/text-embedding-004 is not found for API 
version v1beta, or is not supported for 
embedContent. Call ListModels to see the list 
of available models and their supported 
methods.","status":"NOT_FOUND"}}
    at throwErrorIfNotOK (C:\Users\glenn\Gravit
yClaw\node_modules\@google\genai\src\_api_clien
t.ts:929:24)
    at process.processTicksAndRejections 
(node:internal/process/task_queues:103:5)
    at async <anonymous> (C:\Users\glenn\Gravit
yClaw\node_modules\@google\genai\src\_api_clien
t.ts:537:9)
    at async Models.Models.embedContent (C:\Use
rs\glenn\GravityClaw\node_modules\@google\genai
\src\models.ts:50:14)
    at async generateEmbedding (C:\Users\glenn\
GravityClaw\src\memory\embeddings.ts:20:26)
    at async saveMessage (C:\Users\glenn\Gravit
yClaw\src\memory\supabaseMemory.ts:25:25)
    at async run (C:\Users\glenn\GravityClaw\te
st-supabase.ts:13:9) {
  status: 404
}
[Memory] Warning: Failed to generate 
embedding. Saving without vector. ApiError: {"e
rror":{"code":404,"message":"models/text-embedd
ing-004 is not found for API version v1beta, 
or is not supported for embedContent. Call 
ListModels to see the list of available models 
and their supported 
methods.","status":"NOT_FOUND"}}
    at throwErrorIfNotOK (C:\Users\glenn\Gravit
yClaw\node_modules\@google\genai\src\_api_clien
t.ts:929:24)
    at process.processTicksAndRejections 
(node:internal/process/task_queues:103:5)
    at async <anonymous> (C:\Users\glenn\Gravit
yClaw\node_modules\@google\genai\src\_api_clien
t.ts:537:9)
    at async Models.Models.embedContent (C:\Use
rs\glenn\GravityClaw\node_modules\@google\genai
\src\models.ts:50:14)
    at async generateEmbedding (C:\Users\glenn\
GravityClaw\src\memory\embeddings.ts:20:26)
    at async saveMessage (C:\Users\glenn\Gravit
yClaw\src\memory\supabaseMemory.ts:25:25)
    at async run (C:\Users\glenn\GravityClaw\te
st-supabase.ts:13:9) {
  status: 404
}
Saving message 3...
Error generating embedding with Gemini: 
ApiError: {"error":{"code":404,"message":"model
s/text-embedding-004 is not found for API 
version v1beta, or is not supported for 
embedContent. Call ListModels to see the list 
of available models and their supported 
methods.","status":"NOT_FOUND"}}
    at throwErrorIfNotOK (C:\Users\glenn\Gravit
yClaw\node_modules\@google\genai\src\_api_clien
t.ts:929:24)
    at process.processTicksAndRejections 
(node:internal/process/task_queues:103:5)
    at async <anonymous> (C:\Users\glenn\Gravit
yClaw\node_modules\@google\genai\src\_api_clien
t.ts:537:9)
    at async Models.Models.embedContent (C:\Use
rs\glenn\GravityClaw\node_modules\@google\genai
\src\models.ts:50:14)
    at async generateEmbedding (C:\Users\glenn\
GravityClaw\src\memory\embeddings.ts:20:26)
    at async saveMessage (C:\Users\glenn\Gravit
yClaw\src\memory\supabaseMemory.ts:25:25)
    at async run (C:\Users\glenn\GravityClaw\te
st-supabase.ts:15:9) {
  status: 404
}
[Memory] Warning: Failed to generate 
embedding. Saving without vector. ApiError: {"e
rror":{"code":404,"message":"models/text-embedd
ing-004 is not found for API version v1beta, 
or is not supported for embedContent. Call 
ListModels to see the list of available models 
and their supported 
methods.","status":"NOT_FOUND"}}
    at throwErrorIfNotOK (C:\Users\glenn\Gravit
yClaw\node_modules\@google\genai\src\_api_clien
t.ts:929:24)
    at process.processTicksAndRejections 
(node:internal/process/task_queues:103:5)
    at async <anonymous> (C:\Users\glenn\Gravit
yClaw\node_modules\@google\genai\src\_api_clien
t.ts:537:9)
    at async Models.Models.embedContent (C:\Use
rs\glenn\GravityClaw\node_modules\@google\genai
\src\models.ts:50:14)
    at async generateEmbedding (C:\Users\glenn\
GravityClaw\src\memory\embeddings.ts:20:26)
    at async saveMessage (C:\Users\glenn\Gravit
yClaw\src\memory\supabaseMemory.ts:25:25)
    at async run (C:\Users\glenn\GravityClaw\te
st-supabase.ts:15:9) {
  status: 404
}
Messages saved.

--- 2. Fetching Session History ---
[
  {
    "role": "user",
    "content": "My absolute favorite car is the Tesla Cybertruck. I love the angular design.",
    "created_at": "2026-02-25T19:07:24.604757+00:00"
  },
  {
    "role": "assistant",
    "content": "That's quite a unique vehicle! The stainless steel exoskeleton is very distinctive.",
    "created_at": "2026-02-25T19:07:24.817796+00:00"
  },
  {
    "role": "user",
    "content": "I also enjoy hiking on the weekends in the local mountains.",
    "created_at": "2026-02-25T19:07:25.058643+00:00"
  }
]

--- 3. Testing Semantic Search ---
Searching for: "What kind of cars do I like?"
Error generating embedding with Gemini: 
ApiError: {"error":{"code":404,"message":"model
s/text-embedding-004 is not found for API 
version v1beta, or is not supported for 
embedContent. Call ListModels to see the list 
of available models and their supported 
methods.","status":"NOT_FOUND"}}
    at throwErrorIfNotOK (C:\Users\glenn\Gravit
yClaw\node_modules\@google\genai\src\_api_clien
t.ts:929:24)
    at process.processTicksAndRejections 
(node:internal/process/task_queues:103:5)
    at async <anonymous> (C:\Users\glenn\Gravit
yClaw\node_modules\@google\genai\src\_api_clien
t.ts:537:9)
    at async Models.Models.embedContent (C:\Use
rs\glenn\GravityClaw\node_modules\@google\genai
\src\models.ts:50:14)
    at async generateEmbedding (C:\Users\glenn\
GravityClaw\src\memory\embeddings.ts:20:26)
    at async searchSimilarMessages (C:\Users\gl
enn\GravityClaw\src\memory\supabaseMemory.ts:79
:32)
    at async run (C:\Users\glenn\GravityClaw\te
st-supabase.ts:29:21) {
  status: 404
}
[Memory] Unexpected error in 
searchSimilarMessages: ApiError: {"error":{"cod
e":404,"message":"models/text-embedding-004 is 
not found for API version v1beta, or is not 
supported for embedContent. Call ListModels to 
see the list of available models and their 
supported methods.","status":"NOT_FOUND"}}
    at throwErrorIfNotOK (C:\Users\glenn\Gravit
yClaw\node_modules\@google\genai\src\_api_clien
t.ts:929:24)
    at process.processTicksAndRejections 
(node:internal/process/task_queues:103:5)
    at async <anonymous> (C:\Users\glenn\Gravit
yClaw\node_modules\@google\genai\src\_api_clien
t.ts:537:9)
    at async Models.Models.embedContent (C:\Use
rs\glenn\GravityClaw\node_modules\@google\genai
\src\models.ts:50:14)
    at async generateEmbedding (C:\Users\glenn\
GravityClaw\src\memory\embeddings.ts:20:26)
    at async searchSimilarMessages (C:\Users\gl
enn\GravityClaw\src\memory\supabaseMemory.ts:79
:32)
    at async run (C:\Users\glenn\GravityClaw\te
st-supabase.ts:29:21) {
  status: 404
}
[]
